timeout : Erreur: Syntaxe incorrecte. L'option par défaut n'est pas autorisée 
plus de 1 fois.
Au caractère Ligne:1 : 73
+ ... e\client" ; timeout 240 npm run build > build_output.txt 2>&1 | Selec ...
+                 ~~~~~~~~~~~~~~~~~~~~~~~~~~~~~~~~~~~~~~~~~~~~~~~~~
    + CategoryInfo          : NotSpecified: (Erreur: Syntax...plus de 1 fois.  
  :String) [], RemoteException
    + FullyQualifiedErrorId : NativeCommandError
 
Entrez "TIMEOUT /?" pour afficher la syntaxe.
